// Jest Snapshot v1, https://goo.gl/fbAQLP

exports[`returns data 1`] = `
Object {
  "code": "pJTWtB8Yj4F1rc9Q",
  "graph": Object {
    "data": Object {
      "endTime": 8814699,
      "series": Array [
        Object {
          "data": Array [
            0,
            0,
            0,
            0,
            0,
            0,
            0,
            0,
            0,
            0,
            0,
            0,
            0,
            0,
            0,
            0,
            0,
            0,
            0,
            0,
            0,
            0,
            0,
            0,
            0,
            0,
            0,
            0,
            0,
            0,
            0,
            0,
            0,
            0,
            0,
            0,
            0,
            0,
            0,
            0,
            0,
            0,
            0,
            0,
            0,
            0,
            0,
            0,
            0,
            0,
            0,
            0,
            0,
            0,
            0,
            0,
            0,
            0,
            0,
            0,
            0,
            0,
            0,
            0,
            0,
            0,
            0,
            0,
            0,
            0,
            0,
            0,
            0,
            0,
            0,
            0,
            0,
            0,
            0,
            0,
            0,
            0,
            0,
            0,
            0,
            0,
            0,
            0,
            0,
            0,
            0,
            0,
            0,
            0,
            0,
            0,
            0,
            0,
            0,
            0,
            0,
            0,
            0,
            0,
            0,
            0,
            0,
            0,
            0,
            0,
            0,
            0,
            0,
            0,
            0,
            0,
            0,
            0,
            0,
            0,
            0,
            0,
            0,
            0,
            0,
            0,
            0,
            0,
            0,
            0,
            0,
            0,
            0,
            0,
            0,
            0,
            0,
            0,
            0,
            0,
            0,
            0,
            0,
            0,
            0,
            0,
            0,
            0,
            0,
            0,
            0,
            0,
            0,
            0,
            0,
            0,
            0,
            0,
            0,
            0,
            0,
            0,
            0,
            0,
            0,
            0,
            0,
            0,
            0,
            0,
            0,
            0,
            0,
            0,
            0,
            0,
            0,
            0,
            0,
            0,
            0,
            0,
            0,
            0,
            0,
            0,
            0,
            0,
            0,
            0,
            0,
            0,
            0,
            0,
            0,
            0,
            0,
            0,
            0,
            0,
            0,
            0,
            0,
            0,
            0,
            0,
            0,
            0,
            0,
            0,
            0,
            0,
            0,
            0,
            0,
            0,
            0,
            0,
            0,
            0,
            0,
            0,
            0,
            0,
            0,
            0,
            0,
            0,
            0,
            0,
            0,
            0,
            0,
            0,
            0,
            0,
            0,
            0,
            0,
            0,
            0,
          ],
          "id": "Damage Done",
          "name": "Damage Done",
          "pointInterval": 16523.033333333333,
          "pointStart": 4849171,
          "type": "Damage Done",
        },
        Object {
          "data": Array [
            0,
            0,
            0,
            0,
            0,
            0,
            0,
            0,
            52.5,
            120.7,
            225.1,
            225.1,
            225.1,
            225.1,
            225.1,
            225.1,
            225.1,
            225.1,
            172.7,
            104.4,
            0,
            0,
            0,
            0,
            0,
            0,
            0,
            0,
            0,
            52.4,
            120.6,
            252.6,
            320.8,
            386.3,
            386.3,
            452.5,
            498.5,
            564.6,
            646.5,
            633.8,
            631.2,
            538.8,
            470.6,
            405.1,
            405.1,
            339,
            293,
            226.8,
            145,
            105.3,
            39.7,
            0,
            0,
            0,
            0,
            0,
            0,
            0,
            0,
            0,
            0,
            0,
            0,
            0,
            0,
            0,
            0,
            0,
            0,
            52.4,
            52.4,
            120.6,
            173.1,
            241.3,
            362.6,
            428.8,
            494.3,
            562.5,
            644.3,
            631.7,
            697.2,
            668.7,
            616.2,
            548,
            426.7,
            360.5,
            295,
            226.8,
            145,
            105.3,
            39.7,
            0,
            0,
            0,
            0,
            0,
            0,
            0,
            0,
            0,
            0,
            0,
            0,
            0,
            0,
            0,
            0,
            0,
            0,
            0,
            0,
            0,
            0,
            0,
            0,
            0,
            0,
            0,
            0,
            0,
            0,
            0,
            0,
            0,
            0,
            0,
            0,
            0,
            0,
            52.4,
            120.6,
            120.6,
            173.1,
            241.3,
            298.6,
            364.8,
            364.8,
            364.8,
            364.8,
            312.4,
            244.2,
            244.2,
            191.8,
            123.5,
            66.2,
            0,
            0,
            0,
            0,
            0,
            0,
            0,
            0,
            0,
            0,
            52.4,
            120.6,
            173.1,
            241.3,
            313,
            313,
            379.2,
            431.6,
            499.8,
            581.7,
            569,
            566.3,
            553.5,
            485.3,
            413.6,
            413.6,
            347.4,
            294.9,
            226.7,
            144.9,
            105.2,
            39.7,
            0,
            0,
            0,
            0,
            0,
            0,
            0,
            0,
            0,
            0,
            0,
            0,
            0,
            0,
            0,
            156,
            224.3,
            224.3,
            224.3,
            224.3,
            224.3,
            224.3,
            224.3,
            224.3,
            224.3,
            68.2,
            0,
            0,
            0,
            0,
            0,
            0,
            0,
            0,
            0,
            52.4,
            120.6,
            173,
            242.6,
            242.6,
            308,
            374.2,
            420.2,
            486.4,
            568.2,
            649.4,
            646.7,
            634,
            564.4,
            564.4,
            498.9,
            432.8,
            386.8,
            320.6,
            238.8,
            105.2,
            39.7,
            0,
            0,
            0,
            0,
            0,
            0,
            0,
          ],
          "id": "Damage Taken",
          "name": "Damage Taken",
          "pointInterval": 16523.033333333333,
          "pointStart": 4849171,
          "type": "Damage Taken",
        },
        Object {
          "data": Array [
            0,
            0,
            0,
            0,
            0,
            0,
            0,
            0,
            0,
            0,
            0,
            0,
            0,
            0,
            0,
            0,
            0,
            0,
            0,
            0,
            0,
            0,
            0,
            0,
            0,
            0,
            0,
            0,
            0,
            0,
            0,
            0,
            0,
            0,
            0,
            0,
            0,
            0,
            0,
            0,
            0,
            0,
            0,
            0,
            0,
            0,
            0,
            0,
            0,
            0,
            0,
            0,
            0,
            0,
            0,
            0,
            0,
            0,
            0,
            0,
            0,
            0,
            0,
            0,
            0,
            0,
            0,
            0,
            0,
            0,
            0,
            0,
            0,
            0,
            0,
            0,
            0,
            0,
            0,
            0,
            0,
            0,
            0,
            0,
            0,
            0,
            0,
            0,
            0,
            0,
            0,
            0,
            0,
            0,
            0,
            0,
            0,
            0,
            0,
            0,
            0,
            0,
            0,
            0,
            0,
            0,
            0,
            0,
            0,
            0,
            0,
            0,
            0,
            0,
            0,
            0,
            0,
            0,
            0,
            0,
            0,
            0,
            0,
            0,
            0,
            0,
            0,
            0,
            0,
            0,
            0,
            0,
            0,
            0,
            0,
            0,
            0,
            0,
            0,
            0,
            0,
            0,
            0,
            0,
            0,
            0,
            0,
            0,
            0,
            0,
            0,
            0,
            0,
            0,
            0,
            0,
            0,
            0,
            0,
            0,
            0,
            0,
            0,
            0,
            0,
            0,
            0,
            0,
            0,
            0,
            0,
            0,
            0,
            0,
            0,
            0,
            0,
            0,
            0,
            0,
            0,
            0,
            0,
            0,
            0,
            0,
            0,
            0,
            0,
            0,
            0,
            0,
            0,
            0,
            0,
            0,
            0,
            0,
            0,
            0,
            0,
            0,
            0,
            0,
            0,
            0,
            0,
            0,
            0,
            0,
            0,
            0,
            0,
            0,
            0,
            0,
            0,
            0,
            0,
            0,
            0,
            0,
            0,
            0,
            0,
            0,
            0,
            0,
            0,
            0,
            0,
            0,
            0,
            0,
            0,
            0,
            0,
            0,
            0,
            0,
            0,
          ],
          "id": "Healing Done",
          "name": "Healing Done",
          "pointInterval": 16523.033333333333,
          "pointStart": 4849171,
          "type": "Healing Done",
        },
        Object {
          "data": Array [
            0,
            0,
            0,
            0,
            0,
            0,
            0,
            0,
            0,
            0,
            0,
            0,
            0,
            0,
            0,
            0,
            0,
            0,
            0,
            0,
            0,
            0,
            0,
            0,
            0,
            0,
            0,
            0,
            0,
            0,
            0,
            0,
            0,
            0,
            0,
            0,
            0,
            0,
            0,
            0,
            0,
            0,
            0,
            0,
            0,
            0,
            0,
            0,
            0,
            0,
            0,
            0,
            0,
            0,
            0,
            0,
            0,
            0,
            0,
            0,
            0,
            0,
            0,
            0,
            0,
            0,
            0,
            0,
            0,
            0,
            0,
            0,
            0,
            0,
            0,
            0,
            0,
            0,
            0,
            0,
            0,
            0,
            0,
            0,
            0,
            0,
            0,
            0,
            0,
            0,
            0,
            0,
            0,
            0,
            0,
            0,
            0,
            0,
            0,
            0,
            0,
            0,
            0,
            0,
            0,
            0,
            0,
            0,
            0,
            0,
            0,
            0,
            0,
            0,
            0,
            0,
            0,
            0,
            0,
            0,
            0,
            0,
            0,
            0,
            0,
            0,
            0,
            0,
            0,
            0,
            0,
            0,
            0,
            0,
            0,
            0,
            0,
            0,
            0,
            0,
            0,
            0,
            0,
            0,
            0,
            0,
            0,
            0,
            0,
            0,
            0,
            0,
            0,
            0,
            0,
            0,
            0,
            0,
            0,
            0,
            0,
            0,
            0,
            0,
            0,
            0,
            0,
            0,
            0,
            0,
            0,
            0,
            0,
            0,
            0,
            0,
            0,
            0,
            0,
            0,
            0,
            0,
            0,
            0,
            0,
            0,
            0,
            0,
            0,
            0,
            0,
            0,
            0,
            0,
            0,
            0,
            0,
            0,
            0,
            0,
            0,
            0,
            0,
            0,
            0,
            0,
            0,
            0,
            0,
            0,
            0,
            0,
            0,
            0,
            0,
            0,
            0,
            0,
            0,
            0,
            0,
            0,
            0,
            0,
            0,
            0,
            0,
            0,
            0,
            0,
            0,
            0,
            0,
            0,
            0,
            0,
            0,
            0,
            0,
            0,
            0,
          ],
          "id": "Healing Received",
          "name": "Healing Received",
          "pointInterval": 16523.033333333333,
          "pointStart": 4849171,
          "type": "Healing Received",
        },
      ],
      "startTime": 4849171,
      "wipeCalledEvents": Array [
        Object {
          "fight": 24,
          "timestamp": 8120212,
          "type": "wipecalled",
        },
      ],
    },
  },
}
`;
