// Jest Snapshot v1, https://goo.gl/fbAQLP

exports[`returns data 1`] = `
{
  "code": "pJTWtB8Yj4F1rc9Q",
  "fights": [
    {
      "averageItemLevel": 226.4736785888672,
      "bossPercentage": null,
      "completeRaid": false,
      "difficulty": null,
      "dungeonPulls": null,
      "encounterID": 0,
      "endTime": 158791,
      "enemyNPCs": [
        {
          "gameID": 168337,
          "groupCount": 1,
          "id": 25,
          "instanceCount": 1,
        },
        {
          "gameID": 173446,
          "groupCount": 1,
          "id": 27,
          "instanceCount": 1,
        },
        {
          "gameID": 173444,
          "groupCount": 1,
          "id": 24,
          "instanceCount": 1,
        },
        {
          "gameID": 173445,
          "groupCount": 1,
          "id": 26,
          "instanceCount": 1,
        },
      ],
      "enemyPlayers": [],
      "fightPercentage": null,
      "friendlyNPCs": [],
      "friendlyPlayers": [
        4,
        2,
        7,
        45,
        8,
        5,
        1,
        3,
        9,
        10,
        28,
        12,
        6,
        11,
        16,
        13,
        15,
        37,
        21,
      ],
      "gameZone": null,
      "id": 1,
      "keystoneAffixes": null,
      "keystoneBonus": null,
      "keystoneLevel": null,
      "keystoneTime": null,
      "kill": null,
      "lastPhase": 0,
      "lastPhaseIsIntermission": false,
      "layer": null,
      "maps": null,
      "name": "Sindrel",
      "rating": null,
      "size": null,
      "startTime": 117046,
      "wipeCalledTime": null,
    },
    {
      "averageItemLevel": 226.4736785888672,
      "bossPercentage": null,
      "completeRaid": false,
      "difficulty": null,
      "dungeonPulls": null,
      "encounterID": 0,
      "endTime": 182419,
      "enemyNPCs": [
        {
          "gameID": 168337,
          "groupCount": 1,
          "id": 25,
          "instanceCount": 1,
        },
        {
          "gameID": 164406,
          "groupCount": 1,
          "id": 46,
          "instanceCount": 1,
        },
        {
          "gameID": 173446,
          "groupCount": 1,
          "id": 27,
          "instanceCount": 1,
        },
      ],
      "enemyPlayers": [],
      "fightPercentage": null,
      "friendlyNPCs": [],
      "friendlyPlayers": [
        4,
        2,
        7,
        45,
        8,
        5,
        3,
        1,
        9,
        10,
        28,
        12,
        6,
        11,
        16,
        13,
        15,
        37,
        21,
      ],
      "gameZone": null,
      "id": 2,
      "keystoneAffixes": null,
      "keystoneBonus": null,
      "keystoneLevel": null,
      "keystoneTime": null,
      "kill": null,
      "lastPhase": 0,
      "lastPhaseIsIntermission": false,
      "layer": null,
      "maps": null,
      "name": "Shriekwing",
      "rating": null,
      "size": null,
      "startTime": 163633,
      "wipeCalledTime": null,
    },
    {
      "averageItemLevel": 226.5500030517578,
      "bossPercentage": 0.01,
      "completeRaid": false,
      "difficulty": 5,
      "dungeonPulls": null,
      "encounterID": 2398,
      "endTime": 516005,
      "enemyNPCs": [
        {
          "gameID": 164406,
          "groupCount": 1,
          "id": 46,
          "instanceCount": 1,
        },
      ],
      "enemyPlayers": [],
      "fightPercentage": 0.01,
      "friendlyNPCs": [],
      "friendlyPlayers": [
        4,
        2,
        7,
        45,
        8,
        5,
        3,
        1,
        9,
        10,
        28,
        12,
        6,
        11,
        16,
        13,
        15,
        56,
        37,
        21,
      ],
      "gameZone": null,
      "id": 3,
      "keystoneAffixes": null,
      "keystoneBonus": null,
      "keystoneLevel": null,
      "keystoneTime": null,
      "kill": true,
      "lastPhase": 1,
      "lastPhaseIsIntermission": false,
      "layer": null,
      "maps": [
        {
          "id": 1735,
        },
      ],
      "name": "Shriekwing",
      "rating": null,
      "size": 20,
      "startTime": 336592,
      "wipeCalledTime": null,
    },
    {
      "averageItemLevel": 226.89999389648438,
      "bossPercentage": null,
      "completeRaid": false,
      "difficulty": null,
      "dungeonPulls": null,
      "encounterID": 0,
      "endTime": 758756,
      "enemyNPCs": [
        {
          "gameID": 174338,
          "groupCount": 1,
          "id": 86,
          "instanceCount": 7,
        },
        {
          "gameID": 174336,
          "groupCount": 1,
          "id": 85,
          "instanceCount": 1,
        },
        {
          "gameID": 174070,
          "groupCount": 2,
          "id": 95,
          "instanceCount": 1,
        },
        {
          "gameID": 174071,
          "groupCount": 1,
          "id": 93,
          "instanceCount": 4,
        },
        {
          "gameID": 173189,
          "groupCount": 3,
          "id": 90,
          "instanceCount": 2,
        },
        {
          "gameID": 173973,
          "groupCount": 1,
          "id": 87,
          "instanceCount": 1,
        },
        {
          "gameID": 174069,
          "groupCount": 1,
          "id": 94,
          "instanceCount": 2,
        },
        {
          "gameID": 165066,
          "groupCount": 1,
          "id": 50,
          "instanceCount": 1,
        },
        {
          "gameID": 174092,
          "groupCount": 1,
          "id": 84,
          "instanceCount": 2,
        },
        {
          "gameID": 173949,
          "groupCount": 1,
          "id": 89,
          "instanceCount": 2,
        },
        {
          "gameID": 174141,
          "groupCount": 2,
          "id": 91,
          "instanceCount": 7,
        },
      ],
      "enemyPlayers": [],
      "fightPercentage": null,
      "friendlyNPCs": [],
      "friendlyPlayers": [
        4,
        2,
        7,
        45,
        8,
        5,
        1,
        3,
        28,
        9,
        10,
        12,
        6,
        81,
        11,
        16,
        13,
        15,
        56,
        37,
      ],
      "gameZone": null,
      "id": 4,
      "keystoneAffixes": null,
      "keystoneBonus": null,
      "keystoneLevel": null,
      "keystoneTime": null,
      "kill": null,
      "lastPhase": 0,
      "lastPhaseIsIntermission": false,
      "layer": null,
      "maps": null,
      "name": "Huntsman Altimor",
      "rating": null,
      "size": null,
      "startTime": 654584,
      "wipeCalledTime": null,
    },
    {
      "averageItemLevel": 227.25,
      "bossPercentage": null,
      "completeRaid": false,
      "difficulty": null,
      "dungeonPulls": null,
      "encounterID": 0,
      "endTime": 808047,
      "enemyNPCs": [
        {
          "gameID": 165066,
          "groupCount": 1,
          "id": 50,
          "instanceCount": 1,
        },
        {
          "gameID": 165067,
          "groupCount": 1,
          "id": 51,
          "instanceCount": 1,
        },
      ],
      "enemyPlayers": [],
      "fightPercentage": null,
      "friendlyNPCs": [],
      "friendlyPlayers": [
        4,
        2,
        7,
        45,
        8,
        5,
        3,
        1,
        9,
        28,
        10,
        12,
        6,
        11,
        81,
        16,
        13,
        15,
        56,
        37,
      ],
      "gameZone": null,
      "id": 5,
      "keystoneAffixes": null,
      "keystoneBonus": null,
      "keystoneLevel": null,
      "keystoneTime": null,
      "kill": null,
      "lastPhase": 0,
      "lastPhaseIsIntermission": false,
      "layer": null,
      "maps": null,
      "name": "Huntsman Altimor",
      "rating": null,
      "size": null,
      "startTime": 802120,
      "wipeCalledTime": null,
    },
    {
      "averageItemLevel": 226.9166717529297,
      "bossPercentage": null,
      "completeRaid": false,
      "difficulty": null,
      "dungeonPulls": null,
      "encounterID": 0,
      "endTime": 881223,
      "enemyNPCs": [
        {
          "gameID": 165066,
          "groupCount": 1,
          "id": 50,
          "instanceCount": 1,
        },
        {
          "gameID": 165067,
          "groupCount": 1,
          "id": 51,
          "instanceCount": 1,
        },
      ],
      "enemyPlayers": [],
      "fightPercentage": null,
      "friendlyNPCs": [],
      "friendlyPlayers": [
        4,
        2,
        7,
        45,
        8,
        5,
        3,
        1,
        9,
        28,
        10,
        12,
        6,
        11,
        81,
        16,
        13,
        15,
        56,
        37,
      ],
      "gameZone": null,
      "id": 6,
      "keystoneAffixes": null,
      "keystoneBonus": null,
      "keystoneLevel": null,
      "keystoneTime": null,
      "kill": null,
      "lastPhase": 0,
      "lastPhaseIsIntermission": false,
      "layer": null,
      "maps": null,
      "name": "Huntsman Altimor",
      "rating": null,
      "size": null,
      "startTime": 872662,
      "wipeCalledTime": null,
    },
    {
      "averageItemLevel": 226.9499969482422,
      "bossPercentage": 9.9,
      "completeRaid": false,
      "difficulty": 5,
      "dungeonPulls": null,
      "encounterID": 2418,
      "endTime": 1154859,
      "enemyNPCs": [
        {
          "gameID": 169458,
          "groupCount": 1,
          "id": 103,
          "instanceCount": 1,
        },
        {
          "gameID": 169457,
          "groupCount": 1,
          "id": 99,
          "instanceCount": 1,
        },
        {
          "gameID": 171557,
          "groupCount": 1,
          "id": 101,
          "instanceCount": 2,
        },
        {
          "gameID": 165066,
          "groupCount": 1,
          "id": 50,
          "instanceCount": 1,
        },
        {
          "gameID": 165067,
          "groupCount": 1,
          "id": 51,
          "instanceCount": 1,
        },
        {
          "gameID": 171577,
          "groupCount": 2,
          "id": 100,
          "instanceCount": 2,
        },
        {
          "gameID": 174141,
          "groupCount": 1,
          "id": 91,
          "instanceCount": 1,
        },
      ],
      "enemyPlayers": [],
      "fightPercentage": 9.9,
      "friendlyNPCs": [
        {
          "gameID": 173112,
          "groupCount": 2,
          "id": 102,
          "instanceCount": 11,
        },
        {
          "gameID": 171577,
          "groupCount": 2,
          "id": 100,
          "instanceCount": 2,
        },
      ],
      "friendlyPlayers": [
        4,
        2,
        7,
        45,
        8,
        5,
        3,
        1,
        9,
        28,
        10,
        12,
        6,
        11,
        81,
        16,
        13,
        15,
        56,
        37,
      ],
      "gameZone": null,
      "id": 7,
      "keystoneAffixes": null,
      "keystoneBonus": null,
      "keystoneLevel": null,
      "keystoneTime": null,
      "kill": false,
      "lastPhase": 3,
      "lastPhaseIsIntermission": false,
      "layer": null,
      "maps": [
        {
          "id": 1735,
        },
      ],
      "name": "Huntsman Altimor",
      "rating": null,
      "size": 20,
      "startTime": 976089,
      "wipeCalledTime": null,
    },
    {
      "averageItemLevel": 226.9499969482422,
      "bossPercentage": 0.01,
      "completeRaid": false,
      "difficulty": 5,
      "dungeonPulls": null,
      "encounterID": 2418,
      "endTime": 1452137,
      "enemyNPCs": [
        {
          "gameID": 169458,
          "groupCount": 1,
          "id": 103,
          "instanceCount": 1,
        },
        {
          "gameID": 169457,
          "groupCount": 1,
          "id": 99,
          "instanceCount": 1,
        },
        {
          "gameID": 171557,
          "groupCount": 1,
          "id": 101,
          "instanceCount": 2,
        },
        {
          "gameID": 165066,
          "groupCount": 1,
          "id": 50,
          "instanceCount": 1,
        },
        {
          "gameID": 165067,
          "groupCount": 1,
          "id": 51,
          "instanceCount": 1,
        },
        {
          "gameID": 171577,
          "groupCount": 2,
          "id": 100,
          "instanceCount": 2,
        },
      ],
      "enemyPlayers": [],
      "fightPercentage": 0.01,
      "friendlyNPCs": [
        {
          "gameID": 173112,
          "groupCount": 3,
          "id": 102,
          "instanceCount": 15,
        },
        {
          "gameID": 171577,
          "groupCount": 2,
          "id": 100,
          "instanceCount": 2,
        },
      ],
      "friendlyPlayers": [
        4,
        2,
        7,
        45,
        8,
        5,
        3,
        1,
        9,
        28,
        10,
        12,
        6,
        11,
        81,
        16,
        13,
        15,
        56,
        37,
      ],
      "gameZone": null,
      "id": 8,
      "keystoneAffixes": null,
      "keystoneBonus": null,
      "keystoneLevel": null,
      "keystoneTime": null,
      "kill": true,
      "lastPhase": 4,
      "lastPhaseIsIntermission": false,
      "layer": null,
      "maps": [
        {
          "id": 1735,
        },
      ],
      "name": "Huntsman Altimor",
      "rating": null,
      "size": 20,
      "startTime": 1283983,
      "wipeCalledTime": null,
    },
    {
      "averageItemLevel": 226.55555725097656,
      "bossPercentage": null,
      "completeRaid": false,
      "difficulty": null,
      "dungeonPulls": null,
      "encounterID": 0,
      "endTime": 1500931,
      "enemyNPCs": [
        {
          "gameID": 173798,
          "groupCount": 1,
          "id": 110,
          "instanceCount": 1,
        },
      ],
      "enemyPlayers": [],
      "fightPercentage": null,
      "friendlyNPCs": [],
      "friendlyPlayers": [
        6,
        11,
        13,
        2,
        45,
        5,
        3,
        1,
        9,
        10,
      ],
      "gameZone": null,
      "id": 9,
      "keystoneAffixes": null,
      "keystoneBonus": null,
      "keystoneLevel": null,
      "keystoneTime": null,
      "kill": null,
      "lastPhase": 0,
      "lastPhaseIsIntermission": false,
      "layer": null,
      "maps": null,
      "name": "Rat of Unusual Size",
      "rating": null,
      "size": null,
      "startTime": 1499891,
      "wipeCalledTime": null,
    },
    {
      "averageItemLevel": 226.8947296142578,
      "bossPercentage": null,
      "completeRaid": false,
      "difficulty": null,
      "dungeonPulls": null,
      "encounterID": 0,
      "endTime": 1564428,
      "enemyNPCs": [
        {
          "gameID": 174338,
          "groupCount": 1,
          "id": 86,
          "instanceCount": 2,
        },
        {
          "gameID": 174092,
          "groupCount": 1,
          "id": 84,
          "instanceCount": 1,
        },
        {
          "gameID": 174093,
          "groupCount": 1,
          "id": 83,
          "instanceCount": 2,
        },
      ],
      "enemyPlayers": [],
      "fightPercentage": null,
      "friendlyNPCs": [],
      "friendlyPlayers": [
        4,
        2,
        45,
        7,
        8,
        5,
        1,
        3,
        28,
        9,
        12,
        6,
        11,
        81,
        16,
        13,
        15,
        56,
        37,
      ],
      "gameZone": null,
      "id": 10,
      "keystoneAffixes": null,
      "keystoneBonus": null,
      "keystoneLevel": null,
      "keystoneTime": null,
      "kill": null,
      "lastPhase": 0,
      "lastPhaseIsIntermission": false,
      "layer": null,
      "maps": null,
      "name": "Nathrian Gargon Rider",
      "rating": null,
      "size": null,
      "startTime": 1521058,
      "wipeCalledTime": null,
    },
    {
      "averageItemLevel": 226.88888549804688,
      "bossPercentage": 99.95,
      "completeRaid": false,
      "difficulty": 5,
      "dungeonPulls": null,
      "encounterID": 2399,
      "endTime": 1630195,
      "enemyNPCs": [
        {
          "gameID": 164407,
          "groupCount": 1,
          "id": 111,
          "instanceCount": 1,
        },
      ],
      "enemyPlayers": [],
      "fightPercentage": 99.95,
      "friendlyNPCs": [],
      "friendlyPlayers": [
        4,
        2,
        7,
        45,
        8,
        5,
        3,
        1,
        9,
        28,
        12,
        6,
        11,
        81,
        16,
        13,
        15,
        56,
        37,
      ],
      "gameZone": null,
      "id": 11,
      "keystoneAffixes": null,
      "keystoneBonus": null,
      "keystoneLevel": null,
      "keystoneTime": null,
      "kill": false,
      "lastPhase": 1,
      "lastPhaseIsIntermission": false,
      "layer": null,
      "maps": [
        {
          "id": 1735,
        },
      ],
      "name": "Sludgefist",
      "rating": null,
      "size": 20,
      "startTime": 1585581,
      "wipeCalledTime": null,
    },
    {
      "averageItemLevel": 226.85000610351562,
      "bossPercentage": 0.01,
      "completeRaid": false,
      "difficulty": 5,
      "dungeonPulls": null,
      "encounterID": 2399,
      "endTime": 2327628,
      "enemyNPCs": [
        {
          "gameID": 164407,
          "groupCount": 1,
          "id": 111,
          "instanceCount": 1,
        },
      ],
      "enemyPlayers": [],
      "fightPercentage": 0.01,
      "friendlyNPCs": [],
      "friendlyPlayers": [
        4,
        2,
        7,
        8,
        5,
        114,
        3,
        1,
        9,
        28,
        10,
        12,
        6,
        11,
        81,
        16,
        13,
        15,
        56,
        37,
      ],
      "gameZone": null,
      "id": 12,
      "keystoneAffixes": null,
      "keystoneBonus": null,
      "keystoneLevel": null,
      "keystoneTime": null,
      "kill": true,
      "lastPhase": 1,
      "lastPhaseIsIntermission": false,
      "layer": null,
      "maps": [
        {
          "id": 1735,
        },
      ],
      "name": "Sludgefist",
      "rating": null,
      "size": 20,
      "startTime": 1993348,
      "wipeCalledTime": null,
    },
    {
      "averageItemLevel": 227.3125,
      "bossPercentage": null,
      "completeRaid": false,
      "difficulty": null,
      "dungeonPulls": null,
      "encounterID": 0,
      "endTime": 2533587,
      "enemyNPCs": [
        {
          "gameID": 173280,
          "groupCount": 2,
          "id": 138,
          "instanceCount": 7,
        },
        {
          "gameID": 173178,
          "groupCount": 1,
          "id": 137,
          "instanceCount": 4,
        },
        {
          "gameID": 173276,
          "groupCount": 3,
          "id": 139,
          "instanceCount": 7,
        },
      ],
      "enemyPlayers": [],
      "fightPercentage": null,
      "friendlyNPCs": [],
      "friendlyPlayers": [
        4,
        2,
        7,
        8,
        114,
        3,
        28,
        12,
        6,
        81,
        11,
        16,
        13,
        15,
        56,
        37,
      ],
      "gameZone": null,
      "id": 13,
      "keystoneAffixes": null,
      "keystoneBonus": null,
      "keystoneLevel": null,
      "keystoneTime": null,
      "kill": null,
      "lastPhase": 0,
      "lastPhaseIsIntermission": false,
      "layer": null,
      "maps": null,
      "name": "Stone Legion Goliath",
      "rating": null,
      "size": null,
      "startTime": 2433334,
      "wipeCalledTime": null,
    },
    {
      "averageItemLevel": 226.94444274902344,
      "bossPercentage": null,
      "completeRaid": false,
      "difficulty": null,
      "dungeonPulls": null,
      "encounterID": 0,
      "endTime": 2721048,
      "enemyNPCs": [
        {
          "gameID": 168112,
          "groupCount": 1,
          "id": 142,
          "instanceCount": 1,
        },
        {
          "gameID": 168113,
          "groupCount": 1,
          "id": 152,
          "instanceCount": 1,
        },
        {
          "gameID": 172858,
          "groupCount": 1,
          "id": 151,
          "instanceCount": 1,
        },
      ],
      "enemyPlayers": [],
      "fightPercentage": null,
      "friendlyNPCs": [],
      "friendlyPlayers": [
        4,
        2,
        7,
        45,
        8,
        114,
        3,
        28,
        10,
        9,
        12,
        6,
        11,
        81,
        16,
        13,
        15,
        146,
        56,
        37,
      ],
      "gameZone": null,
      "id": 14,
      "keystoneAffixes": null,
      "keystoneBonus": null,
      "keystoneLevel": null,
      "keystoneTime": null,
      "kill": null,
      "lastPhase": 0,
      "lastPhaseIsIntermission": false,
      "layer": null,
      "maps": null,
      "name": "Stone Legion Generals",
      "rating": null,
      "size": null,
      "startTime": 2713890,
      "wipeCalledTime": null,
    },
    {
      "averageItemLevel": 227.0500030517578,
      "bossPercentage": 48.91,
      "completeRaid": false,
      "difficulty": 5,
      "dungeonPulls": null,
      "encounterID": 2417,
      "endTime": 3151265,
      "enemyNPCs": [
        {
          "gameID": 168112,
          "groupCount": 1,
          "id": 142,
          "instanceCount": 1,
        },
        {
          "gameID": 168113,
          "groupCount": 1,
          "id": 152,
          "instanceCount": 1,
        },
        {
          "gameID": 169601,
          "groupCount": 4,
          "id": 156,
          "instanceCount": 20,
        },
        {
          "gameID": 172858,
          "groupCount": 4,
          "id": 151,
          "instanceCount": 6,
        },
        {
          "gameID": 175102,
          "groupCount": 6,
          "id": 159,
          "instanceCount": 6,
        },
        {
          "gameID": 174335,
          "groupCount": 5,
          "id": 153,
          "instanceCount": 15,
        },
      ],
      "enemyPlayers": [],
      "fightPercentage": 48.91,
      "friendlyNPCs": [
        {
          "gameID": 170404,
          "groupCount": 3,
          "id": 145,
          "instanceCount": 1,
        },
        {
          "gameID": 169835,
          "groupCount": 5,
          "id": 143,
          "instanceCount": 1,
        },
      ],
      "friendlyPlayers": [
        4,
        2,
        7,
        45,
        8,
        114,
        3,
        28,
        10,
        9,
        12,
        6,
        11,
        81,
        16,
        13,
        15,
        146,
        56,
        37,
      ],
      "gameZone": null,
      "id": 15,
      "keystoneAffixes": null,
      "keystoneBonus": null,
      "keystoneLevel": null,
      "keystoneTime": null,
      "kill": false,
      "lastPhase": 2,
      "lastPhaseIsIntermission": true,
      "layer": null,
      "maps": [
        {
          "id": 1747,
        },
      ],
      "name": "Stone Legion Generals",
      "rating": null,
      "size": 20,
      "startTime": 2757321,
      "wipeCalledTime": null,
    },
    {
      "averageItemLevel": 227.0500030517578,
      "bossPercentage": 48.6,
      "completeRaid": false,
      "difficulty": 5,
      "dungeonPulls": null,
      "encounterID": 2417,
      "endTime": 3653198,
      "enemyNPCs": [
        {
          "gameID": 168112,
          "groupCount": 1,
          "id": 142,
          "instanceCount": 1,
        },
        {
          "gameID": 168113,
          "groupCount": 1,
          "id": 152,
          "instanceCount": 1,
        },
        {
          "gameID": 169601,
          "groupCount": 4,
          "id": 156,
          "instanceCount": 20,
        },
        {
          "gameID": 172858,
          "groupCount": 2,
          "id": 151,
          "instanceCount": 6,
        },
        {
          "gameID": 175102,
          "groupCount": 5,
          "id": 159,
          "instanceCount": 5,
        },
        {
          "gameID": 174335,
          "groupCount": 3,
          "id": 153,
          "instanceCount": 15,
        },
      ],
      "enemyPlayers": [],
      "fightPercentage": 48.6,
      "friendlyNPCs": [
        {
          "gameID": 170404,
          "groupCount": 3,
          "id": 145,
          "instanceCount": 1,
        },
        {
          "gameID": 169835,
          "groupCount": 4,
          "id": 143,
          "instanceCount": 1,
        },
      ],
      "friendlyPlayers": [
        4,
        2,
        7,
        45,
        8,
        114,
        3,
        28,
        10,
        9,
        12,
        6,
        11,
        81,
        16,
        13,
        15,
        146,
        56,
        37,
      ],
      "gameZone": null,
      "id": 16,
      "keystoneAffixes": null,
      "keystoneBonus": null,
      "keystoneLevel": null,
      "keystoneTime": null,
      "kill": false,
      "lastPhase": 2,
      "lastPhaseIsIntermission": true,
      "layer": null,
      "maps": [
        {
          "id": 1747,
        },
      ],
      "name": "Stone Legion Generals",
      "rating": null,
      "size": 20,
      "startTime": 3288859,
      "wipeCalledTime": null,
    },
    {
      "averageItemLevel": 227.0500030517578,
      "bossPercentage": 0.01,
      "completeRaid": false,
      "difficulty": 5,
      "dungeonPulls": null,
      "encounterID": 2417,
      "endTime": 4247411,
      "enemyNPCs": [
        {
          "gameID": 168112,
          "groupCount": 1,
          "id": 142,
          "instanceCount": 1,
        },
        {
          "gameID": 168113,
          "groupCount": 1,
          "id": 152,
          "instanceCount": 1,
        },
        {
          "gameID": 169601,
          "groupCount": 4,
          "id": 156,
          "instanceCount": 21,
        },
        {
          "gameID": 172858,
          "groupCount": 3,
          "id": 151,
          "instanceCount": 6,
        },
        {
          "gameID": 175102,
          "groupCount": 9,
          "id": 159,
          "instanceCount": 9,
        },
        {
          "gameID": 174335,
          "groupCount": 4,
          "id": 153,
          "instanceCount": 21,
        },
      ],
      "enemyPlayers": [],
      "fightPercentage": 0.01,
      "friendlyNPCs": [
        {
          "gameID": 170404,
          "groupCount": 4,
          "id": 145,
          "instanceCount": 1,
        },
        {
          "gameID": 169835,
          "groupCount": 7,
          "id": 143,
          "instanceCount": 1,
        },
      ],
      "friendlyPlayers": [
        4,
        2,
        7,
        45,
        8,
        114,
        3,
        28,
        10,
        9,
        12,
        6,
        11,
        81,
        16,
        13,
        15,
        146,
        56,
        37,
      ],
      "gameZone": null,
      "id": 17,
      "keystoneAffixes": null,
      "keystoneBonus": null,
      "keystoneLevel": null,
      "keystoneTime": null,
      "kill": true,
      "lastPhase": 3,
      "lastPhaseIsIntermission": false,
      "layer": null,
      "maps": [
        {
          "id": 1747,
        },
      ],
      "name": "Stone Legion Generals",
      "rating": null,
      "size": 20,
      "startTime": 3745337,
      "wipeCalledTime": null,
    },
    {
      "averageItemLevel": 227.1666717529297,
      "bossPercentage": null,
      "completeRaid": false,
      "difficulty": null,
      "dungeonPulls": null,
      "encounterID": 0,
      "endTime": 4247635,
      "enemyNPCs": [
        {
          "gameID": 168112,
          "groupCount": 1,
          "id": 142,
          "instanceCount": 1,
        },
        {
          "gameID": 168113,
          "groupCount": 1,
          "id": 152,
          "instanceCount": 1,
        },
      ],
      "enemyPlayers": [],
      "fightPercentage": null,
      "friendlyNPCs": [],
      "friendlyPlayers": [
        4,
        2,
        7,
        45,
        8,
        114,
        3,
        9,
        28,
        12,
        6,
        81,
        11,
        16,
        13,
        15,
        146,
        56,
        37,
      ],
      "gameZone": null,
      "id": 18,
      "keystoneAffixes": null,
      "keystoneBonus": null,
      "keystoneLevel": null,
      "keystoneTime": null,
      "kill": null,
      "lastPhase": 0,
      "lastPhaseIsIntermission": false,
      "layer": null,
      "maps": null,
      "name": "General Kaal",
      "rating": null,
      "size": null,
      "startTime": 4247522,
      "wipeCalledTime": null,
    },
    {
      "averageItemLevel": 226.9499969482422,
      "bossPercentage": 64.64,
      "completeRaid": false,
      "difficulty": 5,
      "dungeonPulls": null,
      "encounterID": 2407,
      "endTime": 5103841,
      "enemyNPCs": [
        {
          "gameID": 175205,
          "groupCount": 1,
          "id": 178,
          "instanceCount": 2,
        },
        {
          "gameID": 169813,
          "groupCount": 1,
          "id": 179,
          "instanceCount": 1,
        },
        {
          "gameID": 173162,
          "groupCount": 1,
          "id": 174,
          "instanceCount": 1,
        },
        {
          "gameID": 173163,
          "groupCount": 2,
          "id": 175,
          "instanceCount": 1,
        },
        {
          "gameID": 173161,
          "groupCount": 1,
          "id": 177,
          "instanceCount": 1,
        },
        {
          "gameID": 167406,
          "groupCount": 1,
          "id": 165,
          "instanceCount": 1,
        },
        {
          "gameID": 168158,
          "groupCount": 4,
          "id": 173,
          "instanceCount": 1,
        },
        {
          "gameID": 167999,
          "groupCount": 6,
          "id": 171,
          "instanceCount": 60,
        },
        {
          "gameID": 168156,
          "groupCount": 3,
          "id": 169,
          "instanceCount": 1,
        },
        {
          "gameID": 173164,
          "groupCount": 2,
          "id": 176,
          "instanceCount": 1,
        },
      ],
      "enemyPlayers": [],
      "fightPercentage": 64.64,
      "friendlyNPCs": [
        {
          "gameID": 168474,
          "groupCount": 6,
          "id": 172,
          "instanceCount": 18,
        },
      ],
      "friendlyPlayers": [
        4,
        2,
        7,
        45,
        8,
        114,
        5,
        3,
        1,
        28,
        10,
        9,
        12,
        6,
        11,
        81,
        16,
        13,
        146,
        37,
      ],
      "gameZone": null,
      "id": 19,
      "keystoneAffixes": null,
      "keystoneBonus": null,
      "keystoneLevel": null,
      "keystoneTime": null,
      "kill": false,
      "lastPhase": 2,
      "lastPhaseIsIntermission": false,
      "layer": null,
      "maps": [
        {
          "id": 1747,
        },
        {
          "id": 1748,
        },
      ],
      "name": "Sire Denathrius",
      "rating": null,
      "size": 20,
      "startTime": 4849171,
      "wipeCalledTime": null,
    },
    {
      "averageItemLevel": 226.9499969482422,
      "bossPercentage": 8.94,
      "completeRaid": false,
      "difficulty": 5,
      "dungeonPulls": null,
      "encounterID": 2407,
      "endTime": 5771641,
      "enemyNPCs": [
        {
          "gameID": 175205,
          "groupCount": 1,
          "id": 178,
          "instanceCount": 2,
        },
        {
          "gameID": 173162,
          "groupCount": 1,
          "id": 174,
          "instanceCount": 1,
        },
        {
          "gameID": 173163,
          "groupCount": 2,
          "id": 175,
          "instanceCount": 1,
        },
        {
          "gameID": 173161,
          "groupCount": 1,
          "id": 177,
          "instanceCount": 1,
        },
        {
          "gameID": 167406,
          "groupCount": 1,
          "id": 165,
          "instanceCount": 1,
        },
        {
          "gameID": 173164,
          "groupCount": 2,
          "id": 176,
          "instanceCount": 1,
        },
        {
          "gameID": 169196,
          "groupCount": 2,
          "id": 181,
          "instanceCount": 8,
        },
        {
          "gameID": 170710,
          "groupCount": 3,
          "id": 184,
          "instanceCount": 2,
        },
        {
          "gameID": 169813,
          "groupCount": 5,
          "id": 179,
          "instanceCount": 5,
        },
        {
          "gameID": 168158,
          "groupCount": 3,
          "id": 173,
          "instanceCount": 1,
        },
        {
          "gameID": 169470,
          "groupCount": 1,
          "id": 182,
          "instanceCount": 1,
        },
        {
          "gameID": 167999,
          "groupCount": 6,
          "id": 171,
          "instanceCount": 59,
        },
        {
          "gameID": 168156,
          "groupCount": 3,
          "id": 169,
          "instanceCount": 1,
        },
      ],
      "enemyPlayers": [],
      "fightPercentage": 8.94,
      "friendlyNPCs": [
        {
          "gameID": 168474,
          "groupCount": 6,
          "id": 172,
          "instanceCount": 18,
        },
      ],
      "friendlyPlayers": [
        4,
        2,
        7,
        45,
        8,
        114,
        5,
        3,
        1,
        28,
        10,
        9,
        12,
        6,
        11,
        81,
        16,
        13,
        146,
        37,
      ],
      "gameZone": null,
      "id": 20,
      "keystoneAffixes": null,
      "keystoneBonus": null,
      "keystoneLevel": null,
      "keystoneTime": null,
      "kill": false,
      "lastPhase": 3,
      "lastPhaseIsIntermission": false,
      "layer": null,
      "maps": [
        {
          "id": 1747,
        },
        {
          "id": 1748,
        },
      ],
      "name": "Sire Denathrius",
      "rating": null,
      "size": 20,
      "startTime": 5196407,
      "wipeCalledTime": null,
    },
    {
      "averageItemLevel": 227.0500030517578,
      "bossPercentage": 17.66,
      "completeRaid": false,
      "difficulty": 5,
      "dungeonPulls": null,
      "encounterID": 2407,
      "endTime": 6363627,
      "enemyNPCs": [
        {
          "gameID": 175205,
          "groupCount": 1,
          "id": 178,
          "instanceCount": 2,
        },
        {
          "gameID": 173162,
          "groupCount": 1,
          "id": 174,
          "instanceCount": 1,
        },
        {
          "gameID": 173163,
          "groupCount": 2,
          "id": 175,
          "instanceCount": 1,
        },
        {
          "gameID": 173161,
          "groupCount": 1,
          "id": 177,
          "instanceCount": 1,
        },
        {
          "gameID": 167406,
          "groupCount": 1,
          "id": 165,
          "instanceCount": 1,
        },
        {
          "gameID": 173164,
          "groupCount": 2,
          "id": 176,
          "instanceCount": 1,
        },
        {
          "gameID": 169196,
          "groupCount": 2,
          "id": 181,
          "instanceCount": 8,
        },
        {
          "gameID": 170710,
          "groupCount": 1,
          "id": 184,
          "instanceCount": 1,
        },
        {
          "gameID": 169813,
          "groupCount": 5,
          "id": 179,
          "instanceCount": 5,
        },
        {
          "gameID": 168158,
          "groupCount": 3,
          "id": 173,
          "instanceCount": 1,
        },
        {
          "gameID": 169470,
          "groupCount": 1,
          "id": 182,
          "instanceCount": 1,
        },
        {
          "gameID": 167999,
          "groupCount": 6,
          "id": 171,
          "instanceCount": 60,
        },
        {
          "gameID": 168156,
          "groupCount": 3,
          "id": 169,
          "instanceCount": 1,
        },
      ],
      "enemyPlayers": [],
      "fightPercentage": 17.66,
      "friendlyNPCs": [
        {
          "gameID": 168474,
          "groupCount": 6,
          "id": 172,
          "instanceCount": 18,
        },
      ],
      "friendlyPlayers": [
        4,
        2,
        7,
        45,
        8,
        114,
        5,
        3,
        1,
        28,
        10,
        9,
        12,
        6,
        11,
        81,
        16,
        13,
        146,
        37,
      ],
      "gameZone": null,
      "id": 21,
      "keystoneAffixes": null,
      "keystoneBonus": null,
      "keystoneLevel": null,
      "keystoneTime": null,
      "kill": false,
      "lastPhase": 3,
      "lastPhaseIsIntermission": false,
      "layer": null,
      "maps": [
        {
          "id": 1747,
        },
        {
          "id": 1748,
        },
      ],
      "name": "Sire Denathrius",
      "rating": null,
      "size": 20,
      "startTime": 5861498,
      "wipeCalledTime": null,
    },
    {
      "averageItemLevel": 227.10000610351562,
      "bossPercentage": 56.03,
      "completeRaid": false,
      "difficulty": 5,
      "dungeonPulls": null,
      "encounterID": 2407,
      "endTime": 7164477,
      "enemyNPCs": [
        {
          "gameID": 175205,
          "groupCount": 1,
          "id": 178,
          "instanceCount": 2,
        },
        {
          "gameID": 169813,
          "groupCount": 3,
          "id": 179,
          "instanceCount": 3,
        },
        {
          "gameID": 173162,
          "groupCount": 1,
          "id": 174,
          "instanceCount": 1,
        },
        {
          "gameID": 173163,
          "groupCount": 2,
          "id": 175,
          "instanceCount": 1,
        },
        {
          "gameID": 173161,
          "groupCount": 1,
          "id": 177,
          "instanceCount": 1,
        },
        {
          "gameID": 167406,
          "groupCount": 2,
          "id": 165,
          "instanceCount": 2,
        },
        {
          "gameID": 168158,
          "groupCount": 4,
          "id": 173,
          "instanceCount": 1,
        },
        {
          "gameID": 169470,
          "groupCount": 1,
          "id": 182,
          "instanceCount": 1,
        },
        {
          "gameID": 167999,
          "groupCount": 6,
          "id": 171,
          "instanceCount": 58,
        },
        {
          "gameID": 168156,
          "groupCount": 3,
          "id": 169,
          "instanceCount": 1,
        },
        {
          "gameID": 173164,
          "groupCount": 2,
          "id": 176,
          "instanceCount": 1,
        },
        {
          "gameID": 169196,
          "groupCount": 2,
          "id": 181,
          "instanceCount": 4,
        },
      ],
      "enemyPlayers": [],
      "fightPercentage": 56.03,
      "friendlyNPCs": [
        {
          "gameID": 168474,
          "groupCount": 6,
          "id": 172,
          "instanceCount": 18,
        },
      ],
      "friendlyPlayers": [
        4,
        2,
        7,
        45,
        8,
        114,
        5,
        3,
        1,
        28,
        10,
        9,
        12,
        6,
        11,
        81,
        16,
        13,
        146,
        37,
      ],
      "gameZone": null,
      "id": 22,
      "keystoneAffixes": null,
      "keystoneBonus": null,
      "keystoneLevel": null,
      "keystoneTime": null,
      "kill": false,
      "lastPhase": 2,
      "lastPhaseIsIntermission": false,
      "layer": null,
      "maps": [
        {
          "id": 1747,
        },
        {
          "id": 1748,
        },
        {
          "id": 1747,
        },
      ],
      "name": "Sire Denathrius",
      "rating": null,
      "size": 20,
      "startTime": 6851356,
      "wipeCalledTime": null,
    },
    {
      "averageItemLevel": 227.10000610351562,
      "bossPercentage": 16.93,
      "completeRaid": false,
      "difficulty": 5,
      "dungeonPulls": null,
      "encounterID": 2407,
      "endTime": 7803360,
      "enemyNPCs": [
        {
          "gameID": 175205,
          "groupCount": 1,
          "id": 178,
          "instanceCount": 2,
        },
        {
          "gameID": 173162,
          "groupCount": 1,
          "id": 174,
          "instanceCount": 1,
        },
        {
          "gameID": 173163,
          "groupCount": 2,
          "id": 175,
          "instanceCount": 1,
        },
        {
          "gameID": 173161,
          "groupCount": 1,
          "id": 177,
          "instanceCount": 1,
        },
        {
          "gameID": 167406,
          "groupCount": 1,
          "id": 165,
          "instanceCount": 1,
        },
        {
          "gameID": 173164,
          "groupCount": 2,
          "id": 176,
          "instanceCount": 1,
        },
        {
          "gameID": 169196,
          "groupCount": 2,
          "id": 181,
          "instanceCount": 8,
        },
        {
          "gameID": 170710,
          "groupCount": 1,
          "id": 184,
          "instanceCount": 1,
        },
        {
          "gameID": 169813,
          "groupCount": 5,
          "id": 179,
          "instanceCount": 5,
        },
        {
          "gameID": 168158,
          "groupCount": 4,
          "id": 173,
          "instanceCount": 1,
        },
        {
          "gameID": 169470,
          "groupCount": 1,
          "id": 182,
          "instanceCount": 1,
        },
        {
          "gameID": 167999,
          "groupCount": 6,
          "id": 171,
          "instanceCount": 60,
        },
        {
          "gameID": 168156,
          "groupCount": 3,
          "id": 169,
          "instanceCount": 1,
        },
      ],
      "enemyPlayers": [],
      "fightPercentage": 16.93,
      "friendlyNPCs": [
        {
          "gameID": 168474,
          "groupCount": 6,
          "id": 172,
          "instanceCount": 18,
        },
      ],
      "friendlyPlayers": [
        4,
        2,
        7,
        45,
        8,
        114,
        5,
        3,
        1,
        28,
        10,
        9,
        12,
        6,
        11,
        81,
        16,
        13,
        146,
        37,
      ],
      "gameZone": null,
      "id": 23,
      "keystoneAffixes": null,
      "keystoneBonus": null,
      "keystoneLevel": null,
      "keystoneTime": null,
      "kill": false,
      "lastPhase": 3,
      "lastPhaseIsIntermission": false,
      "layer": null,
      "maps": [
        {
          "id": 1747,
        },
        {
          "id": 1748,
        },
      ],
      "name": "Sire Denathrius",
      "rating": null,
      "size": 20,
      "startTime": 7276800,
      "wipeCalledTime": null,
    },
    {
      "averageItemLevel": 227.10000610351562,
      "bossPercentage": 64.89,
      "completeRaid": false,
      "difficulty": 5,
      "dungeonPulls": null,
      "encounterID": 2407,
      "endTime": 8125152,
      "enemyNPCs": [
        {
          "gameID": 175205,
          "groupCount": 1,
          "id": 178,
          "instanceCount": 2,
        },
        {
          "gameID": 169813,
          "groupCount": 1,
          "id": 179,
          "instanceCount": 1,
        },
        {
          "gameID": 173162,
          "groupCount": 1,
          "id": 174,
          "instanceCount": 1,
        },
        {
          "gameID": 173163,
          "groupCount": 1,
          "id": 175,
          "instanceCount": 1,
        },
        {
          "gameID": 173161,
          "groupCount": 1,
          "id": 177,
          "instanceCount": 1,
        },
        {
          "gameID": 167406,
          "groupCount": 1,
          "id": 165,
          "instanceCount": 1,
        },
        {
          "gameID": 168158,
          "groupCount": 4,
          "id": 173,
          "instanceCount": 1,
        },
        {
          "gameID": 167999,
          "groupCount": 6,
          "id": 171,
          "instanceCount": 59,
        },
        {
          "gameID": 168156,
          "groupCount": 4,
          "id": 169,
          "instanceCount": 1,
        },
        {
          "gameID": 173164,
          "groupCount": 2,
          "id": 176,
          "instanceCount": 1,
        },
      ],
      "enemyPlayers": [],
      "fightPercentage": 64.89,
      "friendlyNPCs": [
        {
          "gameID": 168474,
          "groupCount": 6,
          "id": 172,
          "instanceCount": 18,
        },
      ],
      "friendlyPlayers": [
        4,
        2,
        7,
        45,
        8,
        114,
        5,
        3,
        1,
        28,
        10,
        9,
        12,
        6,
        11,
        81,
        16,
        13,
        146,
        37,
      ],
      "gameZone": null,
      "id": 24,
      "keystoneAffixes": null,
      "keystoneBonus": null,
      "keystoneLevel": null,
      "keystoneTime": null,
      "kill": false,
      "lastPhase": 2,
      "lastPhaseIsIntermission": false,
      "layer": null,
      "maps": [
        {
          "id": 1747,
        },
        {
          "id": 1748,
        },
      ],
      "name": "Sire Denathrius",
      "rating": null,
      "size": 20,
      "startTime": 7888037,
      "wipeCalledTime": 8120212,
    },
    {
      "averageItemLevel": 227.10000610351562,
      "bossPercentage": 0.01,
      "completeRaid": false,
      "difficulty": 5,
      "dungeonPulls": null,
      "encounterID": 2407,
      "endTime": 8814699,
      "enemyNPCs": [
        {
          "gameID": 175205,
          "groupCount": 1,
          "id": 178,
          "instanceCount": 2,
        },
        {
          "gameID": 173162,
          "groupCount": 1,
          "id": 174,
          "instanceCount": 1,
        },
        {
          "gameID": 173163,
          "groupCount": 2,
          "id": 175,
          "instanceCount": 1,
        },
        {
          "gameID": 173161,
          "groupCount": 1,
          "id": 177,
          "instanceCount": 1,
        },
        {
          "gameID": 167406,
          "groupCount": 1,
          "id": 165,
          "instanceCount": 1,
        },
        {
          "gameID": 173164,
          "groupCount": 2,
          "id": 176,
          "instanceCount": 1,
        },
        {
          "gameID": 169196,
          "groupCount": 2,
          "id": 181,
          "instanceCount": 8,
        },
        {
          "gameID": 170710,
          "groupCount": 5,
          "id": 184,
          "instanceCount": 2,
        },
        {
          "gameID": 169813,
          "groupCount": 5,
          "id": 179,
          "instanceCount": 5,
        },
        {
          "gameID": 168158,
          "groupCount": 4,
          "id": 173,
          "instanceCount": 1,
        },
        {
          "gameID": 169470,
          "groupCount": 1,
          "id": 182,
          "instanceCount": 1,
        },
        {
          "gameID": 167999,
          "groupCount": 6,
          "id": 171,
          "instanceCount": 58,
        },
        {
          "gameID": 168156,
          "groupCount": 2,
          "id": 169,
          "instanceCount": 1,
        },
      ],
      "enemyPlayers": [],
      "fightPercentage": 0.01,
      "friendlyNPCs": [
        {
          "gameID": 168474,
          "groupCount": 6,
          "id": 172,
          "instanceCount": 18,
        },
      ],
      "friendlyPlayers": [
        4,
        2,
        7,
        45,
        8,
        114,
        5,
        3,
        1,
        28,
        10,
        9,
        12,
        6,
        11,
        81,
        16,
        13,
        146,
        37,
      ],
      "gameZone": null,
      "id": 25,
      "keystoneAffixes": null,
      "keystoneBonus": null,
      "keystoneLevel": null,
      "keystoneTime": null,
      "kill": true,
      "lastPhase": 3,
      "lastPhaseIsIntermission": false,
      "layer": null,
      "maps": [
        {
          "id": 1747,
        },
        {
          "id": 1748,
        },
      ],
      "name": "Sire Denathrius",
      "rating": null,
      "size": 20,
      "startTime": 8219547,
      "wipeCalledTime": null,
    },
    {
      "averageItemLevel": 227.11764526367188,
      "bossPercentage": null,
      "completeRaid": false,
      "difficulty": null,
      "dungeonPulls": null,
      "encounterID": 0,
      "endTime": 8825666,
      "enemyNPCs": [
        {
          "gameID": 167406,
          "groupCount": 1,
          "id": 165,
          "instanceCount": 1,
        },
      ],
      "enemyPlayers": [],
      "fightPercentage": null,
      "friendlyNPCs": [
        {
          "gameID": 171908,
          "groupCount": 1,
          "id": 189,
          "instanceCount": 1,
        },
      ],
      "friendlyPlayers": [
        2,
        7,
        45,
        8,
        114,
        1,
        3,
        10,
        9,
        12,
        6,
        81,
        11,
        16,
        13,
        146,
        37,
      ],
      "gameZone": null,
      "id": 26,
      "keystoneAffixes": null,
      "keystoneBonus": null,
      "keystoneLevel": null,
      "keystoneTime": null,
      "kill": null,
      "lastPhase": 0,
      "lastPhaseIsIntermission": false,
      "layer": null,
      "maps": null,
      "name": "Sire Denathrius",
      "rating": null,
      "size": null,
      "startTime": 8814852,
      "wipeCalledTime": null,
    },
    {
      "averageItemLevel": 227.6666717529297,
      "bossPercentage": null,
      "completeRaid": false,
      "difficulty": null,
      "dungeonPulls": null,
      "encounterID": 0,
      "endTime": 9045592,
      "enemyNPCs": [
        {
          "gameID": 174141,
          "groupCount": 1,
          "id": 91,
          "instanceCount": 1,
        },
      ],
      "enemyPlayers": [],
      "fightPercentage": null,
      "friendlyNPCs": [],
      "friendlyPlayers": [
        11,
        13,
        114,
      ],
      "gameZone": null,
      "id": 27,
      "keystoneAffixes": null,
      "keystoneBonus": null,
      "keystoneLevel": null,
      "keystoneTime": null,
      "kill": null,
      "lastPhase": 0,
      "lastPhaseIsIntermission": false,
      "layer": null,
      "maps": null,
      "name": "Dusty Widow",
      "rating": null,
      "size": null,
      "startTime": 9045559,
      "wipeCalledTime": null,
    },
    {
      "averageItemLevel": 227.1904754638672,
      "bossPercentage": null,
      "completeRaid": false,
      "difficulty": null,
      "dungeonPulls": null,
      "encounterID": 0,
      "endTime": 9207726,
      "enemyNPCs": [
        {
          "gameID": 173798,
          "groupCount": 1,
          "id": 110,
          "instanceCount": 4,
        },
        {
          "gameID": 173142,
          "groupCount": 1,
          "id": 195,
          "instanceCount": 2,
        },
        {
          "gameID": 173146,
          "groupCount": 1,
          "id": 197,
          "instanceCount": 5,
        },
        {
          "gameID": 173800,
          "groupCount": 1,
          "id": 109,
          "instanceCount": 29,
        },
        {
          "gameID": 173145,
          "groupCount": 1,
          "id": 196,
          "instanceCount": 9,
        },
        {
          "gameID": 174141,
          "groupCount": 2,
          "id": 91,
          "instanceCount": 12,
        },
      ],
      "enemyPlayers": [],
      "fightPercentage": null,
      "friendlyNPCs": [],
      "friendlyPlayers": [
        4,
        2,
        7,
        45,
        8,
        114,
        5,
        1,
        3,
        9,
        10,
        28,
        12,
        6,
        81,
        11,
        16,
        13,
        15,
        146,
        37,
      ],
      "gameZone": null,
      "id": 28,
      "keystoneAffixes": null,
      "keystoneBonus": null,
      "keystoneLevel": null,
      "keystoneTime": null,
      "kill": null,
      "lastPhase": 0,
      "lastPhaseIsIntermission": false,
      "layer": null,
      "maps": null,
      "name": "Dread Feaster",
      "rating": null,
      "size": null,
      "startTime": 9069542,
      "wipeCalledTime": null,
    },
    {
      "averageItemLevel": 227.05882263183594,
      "bossPercentage": null,
      "completeRaid": false,
      "difficulty": null,
      "dungeonPulls": null,
      "encounterID": 0,
      "endTime": 9214623,
      "enemyNPCs": [
        {
          "gameID": 164261,
          "groupCount": 1,
          "id": 82,
          "instanceCount": 1,
        },
        {
          "gameID": 173146,
          "groupCount": 1,
          "id": 197,
          "instanceCount": 1,
        },
      ],
      "enemyPlayers": [],
      "fightPercentage": null,
      "friendlyNPCs": [],
      "friendlyPlayers": [
        4,
        2,
        7,
        45,
        8,
        114,
        5,
        3,
        1,
        28,
        10,
        9,
        12,
        6,
        11,
        81,
        15,
        146,
        37,
      ],
      "gameZone": null,
      "id": 29,
      "keystoneAffixes": null,
      "keystoneBonus": null,
      "keystoneLevel": null,
      "keystoneTime": null,
      "kill": null,
      "lastPhase": 0,
      "lastPhaseIsIntermission": false,
      "layer": null,
      "maps": null,
      "name": "Hungering Destroyer",
      "rating": null,
      "size": null,
      "startTime": 9207836,
      "wipeCalledTime": null,
    },
    {
      "averageItemLevel": 227,
      "bossPercentage": null,
      "completeRaid": false,
      "difficulty": null,
      "dungeonPulls": null,
      "encounterID": 0,
      "endTime": 9216950,
      "enemyNPCs": [
        {
          "gameID": 173146,
          "groupCount": 1,
          "id": 197,
          "instanceCount": 1,
        },
      ],
      "enemyPlayers": [],
      "fightPercentage": null,
      "friendlyNPCs": [],
      "friendlyPlayers": [
        4,
        2,
        45,
        8,
        5,
        114,
        1,
        3,
        9,
        28,
        10,
        12,
        6,
        11,
        81,
        15,
        146,
        37,
      ],
      "gameZone": null,
      "id": 30,
      "keystoneAffixes": null,
      "keystoneBonus": null,
      "keystoneLevel": null,
      "keystoneTime": null,
      "kill": null,
      "lastPhase": 0,
      "lastPhaseIsIntermission": false,
      "layer": null,
      "maps": null,
      "name": "Winged Ravager",
      "rating": null,
      "size": null,
      "startTime": 9214715,
      "wipeCalledTime": null,
    },
    {
      "averageItemLevel": 227.14999389648438,
      "bossPercentage": 0.01,
      "completeRaid": false,
      "difficulty": 5,
      "dungeonPulls": null,
      "encounterID": 2383,
      "endTime": 9602423,
      "enemyNPCs": [
        {
          "gameID": 164261,
          "groupCount": 1,
          "id": 82,
          "instanceCount": 1,
        },
      ],
      "enemyPlayers": [],
      "fightPercentage": 0.01,
      "friendlyNPCs": [],
      "friendlyPlayers": [
        4,
        2,
        7,
        45,
        8,
        114,
        5,
        3,
        1,
        28,
        10,
        9,
        12,
        6,
        11,
        81,
        13,
        15,
        146,
        37,
      ],
      "gameZone": null,
      "id": 31,
      "keystoneAffixes": null,
      "keystoneBonus": null,
      "keystoneLevel": null,
      "keystoneTime": null,
      "kill": true,
      "lastPhase": 0,
      "lastPhaseIsIntermission": false,
      "layer": null,
      "maps": [
        {
          "id": 1735,
        },
      ],
      "name": "Hungering Destroyer",
      "rating": null,
      "size": 20,
      "startTime": 9360491,
      "wipeCalledTime": null,
    },
    {
      "averageItemLevel": 227.14999389648438,
      "bossPercentage": null,
      "completeRaid": false,
      "difficulty": null,
      "dungeonPulls": null,
      "encounterID": 0,
      "endTime": 9686559,
      "enemyNPCs": [
        {
          "gameID": 173568,
          "groupCount": 1,
          "id": 203,
          "instanceCount": 8,
        },
        {
          "gameID": 173466,
          "groupCount": 1,
          "id": 201,
          "instanceCount": 1,
        },
        {
          "gameID": 173448,
          "groupCount": 1,
          "id": 199,
          "instanceCount": 1,
        },
        {
          "gameID": 173464,
          "groupCount": 1,
          "id": 202,
          "instanceCount": 1,
        },
        {
          "gameID": 173512,
          "groupCount": 2,
          "id": 204,
          "instanceCount": 4,
        },
        {
          "gameID": 173484,
          "groupCount": 1,
          "id": 205,
          "instanceCount": 3,
        },
        {
          "gameID": 173469,
          "groupCount": 1,
          "id": 200,
          "instanceCount": 1,
        },
      ],
      "enemyPlayers": [],
      "fightPercentage": null,
      "friendlyNPCs": [],
      "friendlyPlayers": [
        4,
        2,
        7,
        45,
        8,
        5,
        114,
        1,
        3,
        9,
        28,
        10,
        12,
        6,
        81,
        11,
        13,
        15,
        146,
        37,
      ],
      "gameZone": null,
      "id": 32,
      "keystoneAffixes": null,
      "keystoneBonus": null,
      "keystoneLevel": null,
      "keystoneTime": null,
      "kill": null,
      "lastPhase": 0,
      "lastPhaseIsIntermission": false,
      "layer": null,
      "maps": null,
      "name": "Deplina",
      "rating": null,
      "size": null,
      "startTime": 9620324,
      "wipeCalledTime": null,
    },
    {
      "averageItemLevel": 227.0500030517578,
      "bossPercentage": null,
      "completeRaid": false,
      "difficulty": null,
      "dungeonPulls": null,
      "encounterID": 0,
      "endTime": 9730708,
      "enemyNPCs": [
        {
          "gameID": 165521,
          "groupCount": 1,
          "id": 207,
          "instanceCount": 1,
        },
      ],
      "enemyPlayers": [],
      "fightPercentage": null,
      "friendlyNPCs": [],
      "friendlyPlayers": [
        4,
        2,
        7,
        45,
        8,
        114,
        5,
        3,
        1,
        28,
        10,
        9,
        12,
        6,
        11,
        81,
        13,
        15,
        146,
        37,
      ],
      "gameZone": null,
      "id": 33,
      "keystoneAffixes": null,
      "keystoneBonus": null,
      "keystoneLevel": null,
      "keystoneTime": null,
      "kill": null,
      "lastPhase": 0,
      "lastPhaseIsIntermission": false,
      "layer": null,
      "maps": null,
      "name": "Lady Inerva Darkvein",
      "rating": null,
      "size": null,
      "startTime": 9719711,
      "wipeCalledTime": null,
    },
    {
      "averageItemLevel": 227.0500030517578,
      "bossPercentage": 0.01,
      "completeRaid": false,
      "difficulty": 5,
      "dungeonPulls": null,
      "encounterID": 2406,
      "endTime": 10009163,
      "enemyNPCs": [
        {
          "gameID": 165521,
          "groupCount": 1,
          "id": 207,
          "instanceCount": 1,
        },
        {
          "gameID": 170199,
          "groupCount": 3,
          "id": 213,
          "instanceCount": 3,
        },
        {
          "gameID": 170197,
          "groupCount": 3,
          "id": 212,
          "instanceCount": 6,
        },
        {
          "gameID": 166766,
          "groupCount": 5,
          "id": 211,
          "instanceCount": 20,
        },
      ],
      "enemyPlayers": [],
      "fightPercentage": 0.01,
      "friendlyNPCs": [],
      "friendlyPlayers": [
        4,
        2,
        7,
        45,
        8,
        114,
        5,
        3,
        1,
        28,
        10,
        9,
        12,
        6,
        11,
        81,
        13,
        15,
        146,
        37,
      ],
      "gameZone": null,
      "id": 34,
      "keystoneAffixes": null,
      "keystoneBonus": null,
      "keystoneLevel": null,
      "keystoneTime": null,
      "kill": true,
      "lastPhase": 0,
      "lastPhaseIsIntermission": false,
      "layer": null,
      "maps": [
        {
          "id": 1744,
        },
      ],
      "name": "Lady Inerva Darkvein",
      "rating": null,
      "size": 20,
      "startTime": 9772818,
      "wipeCalledTime": null,
    },
    {
      "averageItemLevel": 227.0500030517578,
      "bossPercentage": null,
      "completeRaid": false,
      "difficulty": null,
      "dungeonPulls": null,
      "encounterID": 0,
      "endTime": 10013525,
      "enemyNPCs": [
        {
          "gameID": 165521,
          "groupCount": 1,
          "id": 207,
          "instanceCount": 1,
        },
        {
          "gameID": 170199,
          "groupCount": 1,
          "id": 213,
          "instanceCount": 3,
        },
      ],
      "enemyPlayers": [],
      "fightPercentage": null,
      "friendlyNPCs": [],
      "friendlyPlayers": [
        4,
        2,
        7,
        45,
        8,
        114,
        5,
        1,
        3,
        28,
        9,
        10,
        12,
        6,
        81,
        11,
        13,
        15,
        146,
        37,
      ],
      "gameZone": null,
      "id": 35,
      "keystoneAffixes": null,
      "keystoneBonus": null,
      "keystoneLevel": null,
      "keystoneTime": null,
      "kill": null,
      "lastPhase": 0,
      "lastPhaseIsIntermission": false,
      "layer": null,
      "maps": null,
      "name": "Harnessed Specter",
      "rating": null,
      "size": null,
      "startTime": 10009224,
      "wipeCalledTime": null,
    },
    {
      "averageItemLevel": 227.14999389648438,
      "bossPercentage": null,
      "completeRaid": false,
      "difficulty": null,
      "dungeonPulls": null,
      "encounterID": 0,
      "endTime": 10140552,
      "enemyNPCs": [
        {
          "gameID": 174194,
          "groupCount": 1,
          "id": 49,
          "instanceCount": 1,
        },
        {
          "gameID": 165474,
          "groupCount": 1,
          "id": 219,
          "instanceCount": 1,
        },
        {
          "gameID": 173190,
          "groupCount": 1,
          "id": 220,
          "instanceCount": 1,
        },
        {
          "gameID": 174100,
          "groupCount": 2,
          "id": 217,
          "instanceCount": 3,
        },
        {
          "gameID": 173189,
          "groupCount": 1,
          "id": 90,
          "instanceCount": 1,
        },
        {
          "gameID": 173973,
          "groupCount": 1,
          "id": 87,
          "instanceCount": 2,
        },
        {
          "gameID": 174090,
          "groupCount": 1,
          "id": 216,
          "instanceCount": 1,
        },
        {
          "gameID": 165469,
          "groupCount": 1,
          "id": 215,
          "instanceCount": 4,
        },
        {
          "gameID": 173949,
          "groupCount": 1,
          "id": 89,
          "instanceCount": 4,
        },
      ],
      "enemyPlayers": [],
      "fightPercentage": null,
      "friendlyNPCs": [],
      "friendlyPlayers": [
        4,
        2,
        45,
        7,
        8,
        114,
        5,
        3,
        1,
        9,
        10,
        28,
        12,
        6,
        81,
        11,
        13,
        15,
        146,
        37,
      ],
      "gameZone": null,
      "id": 36,
      "keystoneAffixes": null,
      "keystoneBonus": null,
      "keystoneLevel": null,
      "keystoneTime": null,
      "kill": null,
      "lastPhase": 0,
      "lastPhaseIsIntermission": false,
      "layer": null,
      "maps": null,
      "name": "Court Hawkeye",
      "rating": null,
      "size": null,
      "startTime": 10069554,
      "wipeCalledTime": null,
    },
    {
      "averageItemLevel": 227.14999389648438,
      "bossPercentage": null,
      "completeRaid": false,
      "difficulty": null,
      "dungeonPulls": null,
      "encounterID": 0,
      "endTime": 10235133,
      "enemyNPCs": [
        {
          "gameID": 165474,
          "groupCount": 3,
          "id": 219,
          "instanceCount": 8,
        },
        {
          "gameID": 165472,
          "groupCount": 2,
          "id": 218,
          "instanceCount": 8,
        },
        {
          "gameID": 173190,
          "groupCount": 1,
          "id": 220,
          "instanceCount": 1,
        },
        {
          "gameID": 165479,
          "groupCount": 1,
          "id": 221,
          "instanceCount": 2,
        },
        {
          "gameID": 173189,
          "groupCount": 1,
          "id": 90,
          "instanceCount": 2,
        },
        {
          "gameID": 165483,
          "groupCount": 2,
          "id": 222,
          "instanceCount": 2,
        },
        {
          "gameID": 165481,
          "groupCount": 1,
          "id": 60,
          "instanceCount": 5,
        },
        {
          "gameID": 165470,
          "groupCount": 1,
          "id": 223,
          "instanceCount": 1,
        },
        {
          "gameID": 174092,
          "groupCount": 1,
          "id": 84,
          "instanceCount": 2,
        },
        {
          "gameID": 165469,
          "groupCount": 1,
          "id": 215,
          "instanceCount": 3,
        },
      ],
      "enemyPlayers": [],
      "fightPercentage": null,
      "friendlyNPCs": [],
      "friendlyPlayers": [
        4,
        2,
        45,
        7,
        8,
        5,
        114,
        3,
        1,
        10,
        28,
        9,
        12,
        6,
        11,
        81,
        13,
        15,
        146,
        37,
      ],
      "gameZone": null,
      "id": 37,
      "keystoneAffixes": null,
      "keystoneBonus": null,
      "keystoneLevel": null,
      "keystoneTime": null,
      "kill": null,
      "lastPhase": 0,
      "lastPhaseIsIntermission": false,
      "layer": null,
      "maps": null,
      "name": "Court Enforcer",
      "rating": null,
      "size": null,
      "startTime": 10151461,
      "wipeCalledTime": null,
    },
    {
      "averageItemLevel": 227.14999389648438,
      "bossPercentage": null,
      "completeRaid": false,
      "difficulty": null,
      "dungeonPulls": null,
      "encounterID": 0,
      "endTime": 10310037,
      "enemyNPCs": [
        {
          "gameID": 165479,
          "groupCount": 1,
          "id": 221,
          "instanceCount": 3,
        },
        {
          "gameID": 173802,
          "groupCount": 1,
          "id": 227,
          "instanceCount": 5,
        },
        {
          "gameID": 174012,
          "groupCount": 1,
          "id": 226,
          "instanceCount": 1,
        },
      ],
      "enemyPlayers": [],
      "fightPercentage": null,
      "friendlyNPCs": [
        {
          "gameID": 165760,
          "groupCount": 1,
          "id": 229,
          "instanceCount": 1,
        },
        {
          "gameID": 174017,
          "groupCount": 1,
          "id": 228,
          "instanceCount": 3,
        },
      ],
      "friendlyPlayers": [
        4,
        2,
        45,
        7,
        8,
        114,
        5,
        1,
        3,
        9,
        10,
        28,
        12,
        6,
        81,
        11,
        13,
        15,
        146,
        37,
      ],
      "gameZone": null,
      "id": 38,
      "keystoneAffixes": null,
      "keystoneBonus": null,
      "keystoneLevel": null,
      "keystoneTime": null,
      "kill": null,
      "lastPhase": 0,
      "lastPhaseIsIntermission": false,
      "layer": null,
      "maps": null,
      "name": "Court Enforcer",
      "rating": null,
      "size": null,
      "startTime": 10272399,
      "wipeCalledTime": null,
    },
    {
      "averageItemLevel": 227,
      "bossPercentage": null,
      "completeRaid": false,
      "difficulty": null,
      "dungeonPulls": null,
      "encounterID": 0,
      "endTime": 10344691,
      "enemyNPCs": [
        {
          "gameID": 167566,
          "groupCount": 1,
          "id": 231,
          "instanceCount": 2,
        },
        {
          "gameID": 168973,
          "groupCount": 1,
          "id": 230,
          "instanceCount": 1,
        },
      ],
      "enemyPlayers": [],
      "fightPercentage": null,
      "friendlyNPCs": [],
      "friendlyPlayers": [
        4,
        2,
        7,
        45,
        8,
        114,
        5,
        3,
        1,
        28,
        10,
        9,
        12,
        6,
        11,
        81,
        13,
        15,
        146,
        37,
      ],
      "gameZone": null,
      "id": 39,
      "keystoneAffixes": null,
      "keystoneBonus": null,
      "keystoneLevel": null,
      "keystoneTime": null,
      "kill": null,
      "lastPhase": 0,
      "lastPhaseIsIntermission": false,
      "layer": null,
      "maps": null,
      "name": "Sun King's Salvation",
      "rating": null,
      "size": null,
      "startTime": 10335911,
      "wipeCalledTime": null,
    },
    {
      "averageItemLevel": 226.89999389648438,
      "bossPercentage": 90.52,
      "completeRaid": false,
      "difficulty": 5,
      "dungeonPulls": null,
      "encounterID": 2402,
      "endTime": 10676508,
      "enemyNPCs": [
        {
          "gameID": 168962,
          "groupCount": 1,
          "id": 238,
          "instanceCount": 4,
        },
        {
          "gameID": 165763,
          "groupCount": 2,
          "id": 225,
          "instanceCount": 7,
        },
        {
          "gameID": 165764,
          "groupCount": 2,
          "id": 240,
          "instanceCount": 1,
        },
        {
          "gameID": 167566,
          "groupCount": 3,
          "id": 231,
          "instanceCount": 5,
        },
        {
          "gameID": 168700,
          "groupCount": 1,
          "id": 241,
          "instanceCount": 5,
        },
        {
          "gameID": 168973,
          "groupCount": 1,
          "id": 230,
          "instanceCount": 1,
        },
        {
          "gameID": 165805,
          "groupCount": 2,
          "id": 237,
          "instanceCount": 2,
        },
      ],
      "enemyPlayers": [],
      "fightPercentage": 11.85,
      "friendlyNPCs": [
        {
          "gameID": 165778,
          "groupCount": 2,
          "id": 234,
          "instanceCount": 7,
        },
        {
          "gameID": 165759,
          "groupCount": 3,
          "id": 233,
          "instanceCount": 1,
        },
      ],
      "friendlyPlayers": [
        4,
        2,
        7,
        45,
        8,
        114,
        5,
        3,
        1,
        10,
        9,
        12,
        6,
        11,
        81,
        16,
        13,
        15,
        146,
        37,
      ],
      "gameZone": null,
      "id": 40,
      "keystoneAffixes": null,
      "keystoneBonus": null,
      "keystoneLevel": null,
      "keystoneTime": null,
      "kill": true,
      "lastPhase": 0,
      "lastPhaseIsIntermission": false,
      "layer": null,
      "maps": [
        {
          "id": 1746,
        },
      ],
      "name": "Sun King's Salvation",
      "rating": null,
      "size": 20,
      "startTime": 10444574,
      "wipeCalledTime": null,
    },
    {
      "averageItemLevel": 226.6666717529297,
      "bossPercentage": null,
      "completeRaid": false,
      "difficulty": null,
      "dungeonPulls": null,
      "encounterID": 0,
      "endTime": 10689506,
      "enemyNPCs": [
        {
          "gameID": 165759,
          "groupCount": 1,
          "id": 233,
          "instanceCount": 1,
        },
      ],
      "enemyPlayers": [],
      "fightPercentage": null,
      "friendlyNPCs": [],
      "friendlyPlayers": [
        4,
        2,
        45,
        8,
        114,
        5,
        1,
        3,
        10,
        9,
        6,
        11,
        81,
        16,
        13,
        146,
      ],
      "gameZone": null,
      "id": 41,
      "keystoneAffixes": null,
      "keystoneBonus": null,
      "keystoneLevel": null,
      "keystoneTime": null,
      "kill": null,
      "lastPhase": 0,
      "lastPhaseIsIntermission": false,
      "layer": null,
      "maps": null,
      "name": "Kael'thas Sunstrider",
      "rating": null,
      "size": null,
      "startTime": 10689503,
      "wipeCalledTime": null,
    },
    {
      "averageItemLevel": 227,
      "bossPercentage": null,
      "completeRaid": false,
      "difficulty": null,
      "dungeonPulls": null,
      "encounterID": 0,
      "endTime": 10811341,
      "enemyNPCs": [
        {
          "gameID": 174208,
          "groupCount": 1,
          "id": 243,
          "instanceCount": 1,
        },
        {
          "gameID": 173633,
          "groupCount": 1,
          "id": 246,
          "instanceCount": 4,
        },
        {
          "gameID": 165479,
          "groupCount": 1,
          "id": 221,
          "instanceCount": 4,
        },
        {
          "gameID": 173604,
          "groupCount": 1,
          "id": 248,
          "instanceCount": 2,
        },
        {
          "gameID": 173973,
          "groupCount": 1,
          "id": 87,
          "instanceCount": 1,
        },
        {
          "gameID": 173609,
          "groupCount": 1,
          "id": 247,
          "instanceCount": 4,
        },
        {
          "gameID": 165470,
          "groupCount": 1,
          "id": 223,
          "instanceCount": 2,
        },
        {
          "gameID": 165471,
          "groupCount": 1,
          "id": 244,
          "instanceCount": 1,
        },
        {
          "gameID": 173613,
          "groupCount": 1,
          "id": 245,
          "instanceCount": 1,
        },
      ],
      "enemyPlayers": [],
      "fightPercentage": null,
      "friendlyNPCs": [],
      "friendlyPlayers": [
        4,
        2,
        45,
        7,
        8,
        114,
        5,
        3,
        1,
        9,
        10,
        12,
        6,
        11,
        81,
        16,
        13,
        15,
        146,
        37,
      ],
      "gameZone": null,
      "id": 42,
      "keystoneAffixes": null,
      "keystoneBonus": null,
      "keystoneLevel": null,
      "keystoneTime": null,
      "kill": null,
      "lastPhase": 0,
      "lastPhaseIsIntermission": false,
      "layer": null,
      "maps": null,
      "name": "Court Enforcer",
      "rating": null,
      "size": null,
      "startTime": 10747958,
      "wipeCalledTime": null,
    },
    {
      "averageItemLevel": 227,
      "bossPercentage": null,
      "completeRaid": false,
      "difficulty": null,
      "dungeonPulls": null,
      "encounterID": 0,
      "endTime": 10839274,
      "enemyNPCs": [
        {
          "gameID": 166644,
          "groupCount": 1,
          "id": 249,
          "instanceCount": 1,
        },
      ],
      "enemyPlayers": [],
      "fightPercentage": null,
      "friendlyNPCs": [],
      "friendlyPlayers": [
        4,
        2,
        7,
        45,
        8,
        114,
        5,
        3,
        1,
        10,
        9,
        12,
        6,
        11,
        81,
        16,
        13,
        15,
        146,
        37,
      ],
      "gameZone": null,
      "id": 43,
      "keystoneAffixes": null,
      "keystoneBonus": null,
      "keystoneLevel": null,
      "keystoneTime": null,
      "kill": null,
      "lastPhase": 0,
      "lastPhaseIsIntermission": false,
      "layer": null,
      "maps": null,
      "name": "Artificer Xy'mox",
      "rating": null,
      "size": null,
      "startTime": 10829725,
      "wipeCalledTime": null,
    },
    {
      "averageItemLevel": 226.94444274902344,
      "bossPercentage": null,
      "completeRaid": false,
      "difficulty": null,
      "dungeonPulls": null,
      "encounterID": 0,
      "endTime": 10844011,
      "enemyNPCs": [],
      "enemyPlayers": [],
      "fightPercentage": null,
      "friendlyNPCs": [],
      "friendlyPlayers": [
        4,
        2,
        45,
        7,
        8,
        114,
        5,
        3,
        9,
        10,
        6,
        81,
        11,
        16,
        13,
        15,
        146,
        37,
      ],
      "gameZone": null,
      "id": 44,
      "keystoneAffixes": null,
      "keystoneBonus": null,
      "keystoneLevel": null,
      "keystoneTime": null,
      "kill": null,
      "lastPhase": 0,
      "lastPhaseIsIntermission": false,
      "layer": null,
      "maps": null,
      "name": "Unknown",
      "rating": null,
      "size": null,
      "startTime": 10844011,
      "wipeCalledTime": null,
    },
    {
      "averageItemLevel": 227.0500030517578,
      "bossPercentage": 58.09,
      "completeRaid": false,
      "difficulty": 5,
      "dungeonPulls": null,
      "encounterID": 2405,
      "endTime": 11020303,
      "enemyNPCs": [
        {
          "gameID": 169267,
          "groupCount": 3,
          "id": 252,
          "instanceCount": 1,
        },
        {
          "gameID": 168512,
          "groupCount": 5,
          "id": 250,
          "instanceCount": 1,
        },
        {
          "gameID": 169062,
          "groupCount": 1,
          "id": 256,
          "instanceCount": 1,
        },
        {
          "gameID": 169271,
          "groupCount": 1,
          "id": 253,
          "instanceCount": 5,
        },
        {
          "gameID": 166644,
          "groupCount": 1,
          "id": 249,
          "instanceCount": 1,
        },
        {
          "gameID": 167691,
          "groupCount": 1,
          "id": 255,
          "instanceCount": 3,
        },
      ],
      "enemyPlayers": [],
      "fightPercentage": 58.09,
      "friendlyNPCs": [
        {
          "gameID": 169219,
          "groupCount": 2,
          "id": 254,
          "instanceCount": 8,
        },
      ],
      "friendlyPlayers": [
        4,
        2,
        7,
        45,
        8,
        114,
        5,
        3,
        1,
        10,
        9,
        12,
        6,
        11,
        81,
        16,
        13,
        15,
        146,
        37,
      ],
      "gameZone": null,
      "id": 45,
      "keystoneAffixes": null,
      "keystoneBonus": null,
      "keystoneLevel": null,
      "keystoneTime": null,
      "kill": false,
      "lastPhase": 3,
      "lastPhaseIsIntermission": false,
      "layer": null,
      "maps": [
        {
          "id": 1745,
        },
      ],
      "name": "Artificer Xy'mox",
      "rating": null,
      "size": 20,
      "startTime": 10909730,
      "wipeCalledTime": null,
    },
    {
      "averageItemLevel": 227.0500030517578,
      "bossPercentage": 0.01,
      "completeRaid": false,
      "difficulty": 5,
      "dungeonPulls": null,
      "encounterID": 2405,
      "endTime": 11335831,
      "enemyNPCs": [
        {
          "gameID": 169267,
          "groupCount": 1,
          "id": 252,
          "instanceCount": 1,
        },
        {
          "gameID": 168512,
          "groupCount": 14,
          "id": 250,
          "instanceCount": 1,
        },
        {
          "gameID": 169062,
          "groupCount": 1,
          "id": 256,
          "instanceCount": 1,
        },
        {
          "gameID": 169271,
          "groupCount": 5,
          "id": 253,
          "instanceCount": 25,
        },
        {
          "gameID": 166644,
          "groupCount": 1,
          "id": 249,
          "instanceCount": 1,
        },
        {
          "gameID": 167691,
          "groupCount": 2,
          "id": 255,
          "instanceCount": 2,
        },
      ],
      "enemyPlayers": [],
      "fightPercentage": 0.01,
      "friendlyNPCs": [
        {
          "gameID": 169219,
          "groupCount": 6,
          "id": 254,
          "instanceCount": 24,
        },
      ],
      "friendlyPlayers": [
        4,
        2,
        7,
        45,
        8,
        114,
        5,
        3,
        1,
        10,
        9,
        12,
        6,
        11,
        81,
        16,
        13,
        15,
        146,
        37,
      ],
      "gameZone": null,
      "id": 46,
      "keystoneAffixes": null,
      "keystoneBonus": null,
      "keystoneLevel": null,
      "keystoneTime": null,
      "kill": true,
      "lastPhase": 3,
      "lastPhaseIsIntermission": false,
      "layer": null,
      "maps": [
        {
          "id": 1745,
        },
      ],
      "name": "Artificer Xy'mox",
      "rating": null,
      "size": 20,
      "startTime": 11076866,
      "wipeCalledTime": null,
    },
  ],
}
`;
