// Jest Snapshot v1, https://goo.gl/fbAQLP

exports[`returns data 1`] = `
[
  {
    "classID": 5,
    "id": 1039279,
    "name": "Heaat",
  },
  {
    "classID": 9,
    "id": 19415756,
    "name": "Centarios",
  },
  {
    "classID": 12,
    "id": 31557524,
    "name": "Màrz",
  },
  {
    "classID": 10,
    "id": 34288357,
    "name": "Xenubis",
  },
  {
    "classID": 10,
    "id": 34288364,
    "name": "Dissident",
  },
  {
    "classID": 9,
    "id": 34317966,
    "name": "Gärth",
  },
  {
    "classID": 7,
    "id": 34557854,
    "name": "Lambkorma",
  },
  {
    "classID": 4,
    "id": 35012063,
    "name": "Poorsorcero",
  },
  {
    "classID": 9,
    "id": 35563395,
    "name": "Mangochutney",
  },
  {
    "classID": 4,
    "id": 35774109,
    "name": "Mercurymage",
  },
  {
    "classID": 5,
    "id": 37462621,
    "name": "Pandamanium",
  },
  {
    "classID": 2,
    "id": 37491830,
    "name": "Flucloxx",
  },
  {
    "classID": 3,
    "id": 37962356,
    "name": "Rustedarrow",
  },
  {
    "classID": 11,
    "id": 40067043,
    "name": "Flyxw",
  },
  {
    "classID": 2,
    "id": 40483585,
    "name": "Betwixt",
  },
  {
    "classID": 10,
    "id": 40777050,
    "name": "Nògg",
  },
  {
    "classID": 12,
    "id": 46159040,
    "name": "Xyä",
  },
  {
    "classID": 7,
    "id": 51175867,
    "name": "Scárý",
  },
  {
    "classID": 9,
    "id": 53075143,
    "name": "Antakka",
  },
  {
    "classID": 1,
    "id": 53801762,
    "name": "Heamx",
  },
  {
    "classID": 6,
    "id": 56286106,
    "name": "Éxory",
  },
  {
    "classID": 7,
    "id": 59060651,
    "name": "Dragobbi",
  },
  {
    "classID": 3,
    "id": 59991946,
    "name": "Matreira",
  },
]
`;
